// Jest Snapshot v1, https://goo.gl/fbAQLP

exports[`Snapshots SongItem.vue renders correctly 1`] = `
<li
  class="flex justify-between items-center p-3 pl-6 cursor-pointer transition duration-300 hover:bg-gray-50"
  id="song-id-abc"
>
  <div>
    <router-link-stub
      class="font-bold block text-gray-600 composition-name"
      custom="false"
      to="[object Object]"
    />
  </div>
  <div
    class="text-gray-600 text-lg whitespace-nowrap"
  >
    <router-link-stub
      custom="true"
      to="[object Object]"
    />
  </div>
</li>
`;
